[   0.000000] nux version 4.15.0-47-generic (buildd@lgw01-amd64-001) (gcc version 7.3.0 (Ubuntu 7.3.0-16ubuntu))#50-Ubuntu SMP Wed Mar 13 10::52 UTC 2019 (Ubuntu 4.15.0-47.50-generic 4.15.18)
[    0.000000] Command line: BOOT_IMAGE=/boot/vmlinuz-4.15.0-47-generic root=UUID=c6ad2944-50d4-4372-83d4-43c8d92998d9 ro console=tty1 console=ttyS0
[    0.000000] KERNEL supported cpus:
[    0.000000]   Intel GenuineIntel
[    0.000000]   AMD AuthenticAMD
[    0.000000]   Centaur CentaurHauls
[    0.000000] x86/fpu: Supporting XSAVE feature 0x001: 'x87 floating point registers'
[    0.000000] x86/fpu: Supporting XSAVE feature 0x002: 'SSE registers'
[    0.000000] x86/fpu: Supporting XSAVE feature 0x004: 'AVX registers'
[    0.000000] x86/fpu: xstate_offset[2]:  576, xstate_sizes[2]:  256
[    0.000000] x86/fpu: Enabled xstate features 0x7, context size is 832 bytes, using 'standard' format.
[    0.000000] e820: BIOS-provided physical RAM map:
[    0.000000] BIOS-e820: [mem 0x0000000000000000-0x000000000009fbff] usable
[    0.000000] BIOS-e820: [mem 0x000000000009fc00-0x000000000009ffff] reserved
[    0.000000] BIOS-e820: [mem 0x00000000000f0000-0x00000000000fffff] reserved
[    0.000000 BOS-e0: [mem 0x0000000000100000-0x000000003ffeffff] usable
[    0.000000] BIOS-e820: [mem 0x000000003fff0000-0x000000003fffffff] ACPI data
[    0.000000] BIOS-e820: [mem 0x000000fec00000-0x00000000fec00fff] reserved
[    0.000000] IOS-e82: [mem 0x000000fee000-0x000000fee00fff] reserved
[    0.000000] BIOS-e820: [mem 0x00000000fffc0000-0x00000000ffffffff] reserved
[    0.000000] NX (Execute Disable) protection: active
[    0.00000] SMIOS 2.5 present.
[    0.000000] DM: innoteGmbH VirtualBox/VirtualBox, BIOS VirtualBox 12/01/2006
[    0.000000] Hypervisor detected: KVM
[    0.000000] e820: last_pfn = 0x3fff0 max_arch_pfn = 0x400000000
[    0.000000] MTRR: Dibled
[    0.0000] x86/PAT: MTRRs disabled skping PAT initialization too.
[    0.000000] CPU MTRRs all blank - virtualized system.
[    0.000000] x86/PAT: Configuration 0-7]: WB  WT  UC- UC  WB  WT  UC- UC  
[    0.000000] found SMP MP-table at [mem x0009f00x0009ffff]apped at [      (ptrval)]
[    0.000000] Scanning 1 areas for low memory corruption
[    0.000000] RAMDISK: [mem 0x359d3000-0x36ce0fff]
[    0.000000] ACPI: Early table checksum verification disabled
[    0.000000] ACPI: RSDP 0x00000000000E0000 000024 (v02 VBOX  )
[    0.000000] ACPI: XSDT 0x000000003FF030 0000 (v01 VBOX   VBOXXDT 00000001 ASL  00000061)
[    0.000000] ACPI: FACP 0x000000003FFF00F0 0000F4 (v04 VBOX   VBOXFACP 00000001 ASL  00000061)
[    0.000000] ACPI:DSDT 0x000000003FFF0470 0021FF (v02 VBOX   VBOXBIOS 00000002 INTL 20100528)
[    0.000000] ACPI: FACS 0x000000FFF0200 000040
[    0.000000] ACPI: FACS 0x000000003FFF0200 000040
[   .000000] ACPI: APIC 0x000000003FFF0240 00005C (v02 VBOX   VBOXAPIC 00000001 ASL  00000061)
[    0.0000] ACPI: SSDT 0x000003FFF02A0 0001CC (v01 VBOX   VBOXCPUT 00000002 INTL 20100528)
[    0.000000] No NU configuration found
[    0.000000] Faking a node at [mem 0x0000000000000000-0x000000003ffeffff]
[    0.000000] NODE_DATA(0) allocated [mem 03ffc5000-0x3ffeffff]
[    0.000000] km-clock: cpu 0, msr 0:3ff44001, primary cpu clock
[    0.000000] kvm-clock: Using msrs 4b564d01 and 4b564d00
[  0.000000] kvm-clock: using sched offset of 4223567102 cycles
[    0.000000] clocksource kvm-clock: mask: 0xffffffffffffffff max_cycles: 0x1cd42e4dffb, max_idle_ns: 881590591483 ns
[    0.000000] Zone ranges:
[    0.000000]   DMA      [mem 0x00000000001000x0000000000fff]
[    0.000000]   DMA32    [mem 0x0000000001000000-0x000000003ffeffff]
[    0.000000]   Normal   empty
[    0.000000]   Device   empty
[    0.000000] Movable zone startor each node
[    0.000000] Early memory node ranes
[  0.00000]   node   0: [mem 0x00000000001000-0x0000000009efff]
[    0.000000]   node   0: [mem 0x000000000100000-0x000000003ffeffff]
[    0.000000] Reserved but unavailable: 114 pages
[    0.000000] Initmem setup node 0 [mem 0x0000000000001000-0x000000003ffeffff]
[    0.000000] ACPI: PM-Timer IO Port: 0x4008
[    0.000000] IOAPIC[0]: apic_id 2, version 32, address 0xfec00000, GSI 0-23
[    0.000000] ACPI: INT_SRC_OVR (bus 0 bus_irq 0 global_irq 2 dfl dfl)
[    0.000000] ACPI: INT_SRC_OVR (bus 0 bus_irq 9 global_irq 9 low level)
[    0.000000] Using ACPI (MADT)for SMP configuration information
[    0.000000] smpboot: Allowing 2 CPUs, 0 hotplug CPUs
[    0.000000] PM: Registered noave memory: [mem 0x00000000-0x00000fff]
[  0.00000] PM: Registered nosave memory: [mem 0x0009f000-0x0009ffff]
[    0.000000] PM: Registered nosave memory: [mem 0x000a0000-0x000effff]
[    0.000000] PM: Registered nosave memory: [mem 0x00f000-0x00ffff]
[    0.000000] e820: [mem 0x40000000-0xfebfffff] available for PCI devices
[    0.000000] Booting paravirtualized kernel on KVM
[    0.000000] clocksource: refined-jiffies: mask: 0xffffffff max_cycles: 0xffffffff, max_idle_ns: 7645519600211568 ns
[    0.000000] random: gt_random_bytes called from sar_kernel+0x99/0x4fd with crng_init=0
[    0.000000] setup_pepu: NR_CUS192 nrpumask_bits:2 nr_cpu_ids:2 nr_node_ids
[    00000] percpu: Embedd 4 paescpu @     (pva) s1552 r82 d2867 u0486
[    0.000000] PV qspinlock hash table entries: 256 (order: 0, 4096 bytes)
[    0.000000] Built 1 zonelists, mobility grouping on.  Total pages: 257913
[    0.000000] Policy zone: DMA32
[    0.000000] Kernel command line: BOOT_IMAGE=/boot/vmlinuz-4.15.0-47-generic root=UUID=c6ad2944-50d4-4372-83d4-43c8d92998d9 ro console=tty1 console=ttyS0
[    0.000000] Memory: 983072K/1048120K available (12300Kkernel code, 2473K rwdata, 4252K rodata, 2408K init, 2416K bss, 65048K reserved, 0K cma-reserved)
[    0.000000] SLUB: HWalign=64,rder=0-3, MinObjects=0, CPUs=2, Nodes=1
[    0.000000] Kernel/User page tables isolation: enabed
[    0.000000] ftrace: allocating 39206 entries in 154 pages
[    0.004000] Hierarchical RCU implementation.
[    0.004000] 	RCU restricting CPUs from NR_CPUS=8192 to nr_cpu_ids=2.
[    0.004000] 	Tasks RCU enabled.
[    0.004000] RCU: Adjusting geometry for rcu_fanout_leaf=16, nr_cpu_ids=2
[    0.004000] NR_IRQS: 524544, nr_irqs: 440, preallocated irqs: 16
[    0.004000] Consol: olour VGA+ 8x2
[    0.004000] nsole [tty1] enabled
[    0.004000] console [ttyS0] enabled
[    0.004000] ACPI: Core revision 20170831
[    0.004000] ACPI: 2 ACPI AML tables successfully acquired and loaded
[    0.004000] APIC: Switch to symmetric I/O mode setup
[    0.004255] x2apic enabled
[    0.005303] Switched APIC routing to physical x2apic.
[    0.009283] ..TIMER: vector=0x30 apic1=0 pin1=2 apic2=-1 pin2=-1
[    0.012005] tsc: Detected 2303.998 MHz processor
[    0.016011] Calibrating delay loop (skipped) preset value.. 4607.99 BogoMIPS (lpj=9215992)
[    0.020008] pid_max: default: 32768 minimum: 301
[    0.024039] Security Framework initialized
[    0.028005] Yama: becoming mindful.
[    0.029118] AppArmor: AppArmor initialized
[    0.032038] Dentry cache hash table entries: 131072 (order: 8, 1048576 bytes)
[    0.036066] Inode-cache hash table entries: 65536 (order: 7, 524288 bytes)
[    0.040031] Mount-cache hash table entries: 2048 (order: 2, 16384 bytes)
[    0.044006] Mountpoint-cache hash table entries: 2048 (order: 2, 16384 bytes)
[    0.048233] mce: CPU supports 0 MCE banks
[    0.052020] Last level iTLB entries: 4KB 64, 2MB 8, 4MB 8
[    0.056007] Last level dTLB entries: 4KB 64, 2MB 0, 4MB 0, 1GB 4
[    0.057794] Spectre V2 : Mitigation: Full generic retpoline
[    0.060001] Spectre V2 : Spectre v2 / SpectreRSB mitigation: Filling RSB on context switch
[    0.064008] Speculative Store Bypass: Vulnerable
[    0.068081] Freeing SMP alternatives memory: 36K
[    0.076000] smpboot: CPU0: Intel(R) Core(TM) i5-7360U CPU @ 2.30GHz (family: 0x6, model: 0x8e, stepping: 0x9)
[    0.076091] Performance Events: unsupported p6 CPU model 142 no PMU driver, software events only.
[    0.080056] Hierarchical SRCU implementation.
[    0.084619] NMI watchdog: Perf event create on CPU 0 failed with -2
[    0.088002] NMI watchdog: Perf NMI watchdog permanently disabled
[    0.092050] smp: Bringing up secondary CPUs ...
[    0.093507] x86: Booting SMP configuration:
[    0.096002] .... node  #0, CPUs:      #1
[    0.004000] kvm-clock: cpu 1, msr 0:3ff44041, secondary cpu clock
[    0.004000] mce: CPU supports 0 MCE banks
[    0.100018] smp: Brought up 1 node, 2 CPUs
[    0.104005] smpboot: Max logical packages: 1
[    0.108004] smpboot: Total of 2 processors activated (9215.99 BogoMIPS)
[    0.112124] devtmpfs: initialized
[    0.116052] x86/mm: Memory block size: 128MB
[    0.117485] evm: security.selinux
[    0.120004] evm: security.SMACK64
[    0.124003] evm: security.SMACK64EXEC
[    0.128008] evm: security.SMACK64TRANSMUTE
[    0.129360] evm: security.SMACK64MMAP
[    0.130543] evm: security.apparmor
[    0.132005] evm: security.ima
[    0.133212] evm: security.capability
[    0.136109] clocksource: jiffies: mask: 0xffffffff max_cycles: 0xffffffff, max_idle_ns: 7645041785100000 ns
[    0.140025] futex hash table entries: 512 (order: 3, 32768 bytes)
[    0.144082] pinctrl core: initialized pinctrl subsystem
[    0.152043] RTC time:  7:47:08, date: 05/13/19
[    0.156433] NET: Registered protocol family 16
[    0.160132] audit: initializing netlink subsys (disabled)
[    0.164095] audit: type=2000 audit(1557733630.239:1): state=initialized audit_enabled=0 res=1
[    0.172011] cpuidle: using governor ladder
[    0.176036] cpuidle: using governor menu
[    0.180097] ACPI: bus type PCI registered
[    0.184005] acpiphp: ACPI Hot Plug PCI Controller Driver version: 0.5
[    0.187459] PCI: Using configuration type 1 for base access
[    0.192359] HugeTLB registered 2.00 MiB page size, pre-allocated 0 pages
[    0.196152] ACPI: Added _OSI(Module Device)
[    0.200061] ACPI: Added _OSI(Processor Device)
[    0.204016] ACPI: Added _OSI(3.0 _SCP Extensions)
[    0.208006] ACPI: Added _OSI(Processor Aggregator Device)
[    0.212005] ACPI: Added _OSI(Linux-Dell-Video)
[    0.216002] ACPI: Added _OSI(Linux-Lenovo-NV-HDMI-Audio)
[    0.220004] ACPI: Added _OSI(Linux-HPI-Hybrid-Graphics)
[    0.224496] ACPI: Executed 1 blocks of module-level executable AML code
[    0.230265] ACPI: Interpreter enabled
[    0.231416] ACPI: (supports S0 S5)
[    0.232003] ACPI: Using IOAPIC for interrupt routing
[    0.236199] PCI: Using host bridge windows from ACPI; if necessary, use "pci=nocrs" and report a bug
[    0.240232] ACPI: Enabled 2 GPEs in block 00 to 07
[    0.254038] ACPI: PCI Root Bridge [PCI0] (domain 0000 [bus 00-ff])
[    0.256009] acpi PNP0A03:00: _OSC: OS supports [ASPM ClockPM Segments MSI]
[    0.260042] acpi PNP0A03:00: _OSC: not requesting OS control; OS requires [ExtendedConfig ASPM ClockPM MSI]
[    0.264017] acpi PNP0A03:00: fail to add MMCONFIG information, can't access extended PCI configuration space under this bridge.
[    0.268492] PCI host bridge to bus 0000:00
[    0.272004] pci_bus 0000:00: root bus resource [io  0x0000-0x0cf7 window]
[    0.276008] pci_bus 0000:00: root bus resource [io  0x0d00-0xffff window]
[    0.280011] pci_bus 0000:00: root bus resource [mem 0x000a0000-0x000bffff window]
[    0.284010] pci_bus 0000:00: root bus resource [mem 0x40000000-0xfdffffff window]
[    0.288012] pci_bus 0000:00: root bus resource [bus 00-ff]
[    0.298635] pci 0000:00:01.1: legacy IDE quirk: reg 0x10: [io  0x01f0-0x01f7]
[    0.300009] pci 0000:00:01.1: legacy IDE quirk: reg 0x14: [io  0x03f6]
[    0.304008] pci 0000:00:01.1: legacy IDE quirk: reg 0x18: [io  0x0170-0x0177]
[    0.308005] pci 0000:00:01.1: legacy IDE quirk: reg 0x1c: [io  0x0376]
[    0.331566] pci 0000:00:07.0: quirk: [io  0x4000-0x403f] claimed by PIIX4 ACPI
[    0.332035] pci 0000:00:07.0: quirk: [io  0x4100-0x410f] claimed by PIIX4 SMB
[    0.347056] ACPI: PCI Interrupt Link [LNKA] (IRQs 5 9 10 *11)
[    0.352320] ACPI: PCI Interrupt Link [LNKB] (IRQs 5 9 *10 11)
[    0.356175] ACPI: PCI Interrupt Link [LNKC] (IRQs 5 *9 10 11)
[    0.360191] ACPI: PCI Interrupt Link [LNKD] (IRQs 5 9 10 *11)
[    0.364416] SCSI subsystem initialized
[    0.372032] pci 0000:00:02.0: vgaarb: setting as boot VGA device
[    0.376000] pci 0000:00:02.0: vgaarb: VGA device added: decodes=io+mem,owns=io+mem,locks=none
[    0.376008] pci 0000:00:02.0: vgaarb: bridge control possible
[    0.380002] vgaarb: loaded
[    0.384054] ACPI: bus type USB registered
[    0.388032] usbcore: registered new interface driver usbfs
[    0.392026] usbcore: registered new interface driver hub
[    0.396051] usbcore: registered new device driver usb
[    0.397672] EDAC MC: Ver: 3.0.0
[    0.400360] PCI: Using ACPI for IRQ routing
[    0.404679] NetLabel: Initializing
[    0.408006] NetLabel:  domain hash size = 128
[    0.412009] NetLabel:  protocols = UNLABELED CIPSOv4 CALIPSO
[    0.416029] NetLabel:  unlabeled traffic allowed by default
[    0.420101] clocksource: Switched to clocksource kvm-clock
[    0.4690] VFS: Disk qutas dquot_6.6.0
[    0.585173] VFS: Dquot-cache has table entries: 512order 0, 96ytes)
[    0.747307] pArmorAprm FesteEnled
[    1.098468] pnp: PnP ACPI init
[    1.100825] pnp:nPCP fnd dic
[  1407290clksrce: acpi_pm: mask: 0xffffff max_cycles: 0xffffff, max_idle_ns: 2085701024 ns
[    1.623785] NET: Registered protocol family 2

[    1.626527] TCP established hash table entries: 8192 (order: 4, 65536 bytes)
[    1.628556] TCP bind hash table entries: 8192 (order: 5, 131072 bytes)
[    1.630500] TCP: Hash tables configured (established 8192 bind 8192)
[    1.632588] UDP hash table entries: 512 (order: 2, 16384 bytes)
[    1.634373] UDP-Lite hash table entries: 512 (order: 2, 16384 bytes)
[    1.636223] NET: Registered protocol family 1
[    1.637994] pci 0000:00:00.0: Limiting direct PCI/PCI transfers
[    1.639961] pci 0000:00:01.0: Activating ISA DMA hang workarounds
[    1.64214] pci 0000:00:02.0: Video device with shadowed ROM at [mem 0x000c0000-0x000dffff]
[    1.691699] Unpacking initramfs...

[    1.954719] Freeing initrd memory: 19512K
[    1.970143] platform rtc_cmos: registered platform RTC device (no PNP device found)
[    2.018741] Scanning for low memory corruption every 60 seconds
[    2.021239] Initialise system trusted keyrings
[    2.050496] Key type blacklist registered
[    2.078723] workingset: timestamp_bits=36 max_order=18 bucket_order=0
[    2.087177] zbud: loaded
[    2.094378] squashfs: version 4.0 (2009/01/31) Phillip Lougher
[    2.122832] fuse init (API version 7.26)
[    2.144395] Key type asymmetric registered
[    2.145408] Asymmetric key parser 'x509' registered
[    2.146595] Block layer SCSI generic (bsg) driver version 0.4 loaded (major 246)
[    2.148503] io scheduler noop registered
[    2.149544] io scheduler deadline registered
[    2.150597] io scheduler cfq registered (default)
[    2.152209] ACPI: AC Adapter [AC] (on-line)
[    2.153280] input: Power Button as /devices/LNXSYSTM:00/LNXPWRBN:00/input/input0
[    2.155109] ACPI: Power Button [PWRF]
[    2.193388] input: Sleep Button as /devices/LNXSYSTM:00/LNXSLPBN:00/input/input1
[    2.195685] ACPI: Sleep Button [SLPF]
[    2.217694] Serial: 8250/16550 driver, 32 ports, IRQ sharing enabled
[    2.219123] ACPI: Battery Slot [BAT0] (battery present)
[    2.252147] 00:02: ttyS0 at I/O 0x3f8 (irq = 4, base_baud = 115200) is a 16550A
[    2.263292] Linux agpgart interface v0.103
[    2.267628] loop: module loaded
[    2.269122] scsi host0: ata_piix
[    2.275921] scsi host1: ata_piix
[    2.305911] ata1: PATA max UDMA/33 cmd 0x1f0 ctl 0x3f6 bmdma 0xd000 irq 14
[    2.307961] ata2: PATA max UDMA/33 cmd 0x170 ctl 0x376 bmdma 0xd008 irq 15
[    2162]ibhy: Fixed MDIO Bus: probed
[    2.492903] tun: Universal TUN/TAP device driver, 1.6
[    2.494605] PPP generic driver version 2.4.2
[    2.501659] ehci_hcd: USB 2.0 'Enhanced' Host Controller (EHCI) Driver
[    2.515122] ehci-pci: EHCI PCI platform driver
[    2.530179] ehci-platform: EHCI generic platform driver
[    2.562791] ohci_hcd: USB 1.1 'Open' Host Controller (OHCI) Driver
[    2.564655] ohci-pci: OHCI PCI platform driver
[    2.566014] ohci-platform: OHCI generic platform driver
[    2.573360] uhci_hcd: USB Universal Host Controller Interface driver
[    2.575298] i8042: PNP: PS/2 Controller [PNP0303:PS2K,PNP0f03:PS2M] at 0x60,0x64 irq 1,12
[    2.593126] serio: i8042 KBD port at 0x60,0x64 irq 1
[    2.632442] serio: i8042 AUX port at 0x60,0x64 irq 12
[    2.644038] mousedev: PS/2 mouse device common for all mice
[    2.652099] rtc_cmos rtc_cmos: rtc core: registered rtc_cmos as rtc0
[    2.688476] input: AT Translated Set 2 keyboard as /devices/platform/i8042/serio0/input/input2
[    2.692175] rtc_cmos rtc_cmos: alarms up to one day, 114 bytes nvram
[    2.692182] i2c /dev entries driver
[    2.692189] pcie_mp2_amd: AMD(R) PCI-E MP2 Communication Driver Version: 1.0
[    2.692259] device-mapper: uevent: version 1.0.3
[    2.692305] device-mapper: ioctl: 4.37.0-ioctl (2017-09-20) initialised: dm-devel@redhat.com
[    2.730794] ledtrig-cpu: registered to indicate activity on CPUs
[    2.733908] NET: Registered protocol family 10
[    2.739702] Segment Routing with IPv6
[    2.741069] NET: Registered protocol family 17
[    2.742788] Key type dns_resolver registered
[    2.744628] RAS: Correctable Errors collector initialized.
[    2.747374] sched_clock: Marking stable (2744515786, 0)->(8020872112, -5276356326)
[    2.754134] registered taskstats version 1
[    2.757313] Loading compiled-in X.509 certificates
[    2.763554] Loaded X.509 cert 'Build time autogenerated kernel key: 7211859d1298c08a101905a3cb814e8c7b4bf4a4'
[    2.770303] zswap: loaded using pool lzo/zbud
[    2.782692] Key type big_key registered
[    2.784378] Key type trusted registered
[    2.789803] Key type encrypted registered
[    2.792110] AppArmor: AppArmor sha1 policy hashing enabled
[    2.797001] ima: No TPM chip found, activating TPM-bypass! (rc=-19)
[    2.799896] ima: Allocated hash algorithm: sha1
[    2.802017] evm: HMAC attrs: 0x1
[    2.804198]   Magic number: 3:945:773
[    2.806298] rtc_cmos rtc_cmos: setting system clock to 2019-05-13 07:47:12 UTC (1557733632)
[    2.810299] BIOS EDD facility v0.16 2004-Jun-25, 0 devices found
[    2.831344] EDD information not available.
[    2.930559] Freeing unused kernel memory: 2408K
[    2.964229] Write protecting the kernel read-only data: 20480k
[    2.978147] tsc: Refined TSC clocksource calibration: 2307.144 MHz
[    2.978153] clocksource: tsc: mask: 0xffffffffffffffff max_cycles: 0x214191a63be, max_idle_ns: 440795208262 ns
[    3.175517] Freeing unused kernel memory: 2008K
[    3.179403] Freeing unused kernel memory: 1892K
[    3.221394] x86/mm: Checked W+X mappings: passed, no W+X pages found.
[    3.262958] x86/mm: Checking user space page tables
[    3.268433] x86/mm: Checked W+X mappings: passed, no W+X pages found.
Loading, please wait...
starting version 237
[    3.355845] e1000: Intel(R) PRO/1000 Network Driver - version 7.3.21-k8-NAPI
[    3.365624] e1000: Copyright (c) 1999-2006 Intel Corporation.
[    3.373706] Fusion MPT base driver 3.04.20
[    3.375061] Copyright (c) 1999-2008 LSI Corporation
[    3.383708] Fusion MPT SPI Host driver 3.04.20
[    3.389146] AVX2 version of gcm_enc/dec engaged.
[    3.390423] AES CTR mode by8 optimization enabled
[    3.606849] input: ImExPS/2 Generic Explorer Mouse as /devices/platform/i8042/serio1/input/input4
[    3.796682] e1000 0000:00:03.0 eth0: (PCI:33MHz:32-bit) 02:40:60:a0:34:b1
[    4.042501] e1000 0000:00:03.0 eth0: Intel(R) PRO/1000 Network Connection
[    4.046602] mptbase: ioc0: Initiating bringup
[    4.435855] ioc0: LSI53C1030 A0: Capabilities={Initiator}
[    6.520535] scsi host2: ioc0: LSI53C1030 A0, FwRev=00000000h, Ports=1, MaxQ=256, IRQ=20
[    7.072543] scsi 2:0:0:0: Direct-Access     VBOX     HARDDISK         1.0  PQ: 0 ANSI: 5
[    7.144106] scsi target2:0:0: Beginning Domain Validation
[    7.147779] scsi target2:0:0: Domain Validation skipping write tests
[    7.149762] scsi target2:0:0: Ending Domain Validation
[    7.151426] scsi target2:0:0: asynchronous
[    7.159693] scsi 2:0:1:0: Direct-Access     VBOX     HARDDISK         1.0  PQ: 0 ANSI: 5
[    7.476439] scsi target2:0:1: Beginning Domain Validation
[    7.495693] random: fast init done
[    8.024925] scsi target2:0:1: Domain Validation skipping write tests
[    8.026897] scsi target2:0:1: Ending Domain Validation
[    8.028809] scsi target2:0:1: asynchronous
[    8.035578] random: systemd-udevd: uninitialized urandom read (16 bytes read)
[    8.037385] e1000 0000:00:08.0 eth1: (PCI:33MHz:32-bit) 08:00:27:fd:c9:53
[    8.037388] e1000 0000:00:08.0 eth1: Intel(R) PRO/1000 Network Connection
[    8.042112] sd 2:0:0:0: Attached scsi generic sg0 type 0
[    8.097968] random: systemd-udevd: uninitialized urandom read (16 bytes read)
[    8.097972] random: systemd-udevd: uninitialized urandom read (16 bytes read)
[    8.098968] e1000 0000:00:08.0 enp0s8: renamed from eth1
[    8.103393] sd 2:0:0:0: [sda] 20971520 512-byte logical blocks: (10.7 GB/10.0 GiB)
[    8.105338] sd 2:0:1:0: Attached scsi generic sg1 type 0
[    8.107002] sd 2:0:0:0: [sda] Write Protect is off
[    8.108640] sd 2:0:0:0: [sda] Incomplete mode parameter data
[    8.109989] sd 2:0:0:0: [sda] Assuming drive cache: write through
[    8.111590] sd 2:0:1:0: [sdb] 20480 512-byte logical blocks: (10.5 MB/10.0 MiB)
[    8.113686] sd 2:0:1:0: [sdb] Write Protect is off
[    8.115821] sd 2:0:1:0: [sdb] Incomplete mode parameter data
[    8.119350] sd 2:0:1:0: [sdb] Assuming drive cache: write through
[    8.121642]  sda: sda1
[    8.123641] sd 2:0:0:0: [sda] Attached SCSI disk
[    8.125702] e1000 0000:00:03.0 enp0s3: renamed from eth0
[    8.136150] sd 2:0:1:0: [sdb] Attached SCSI disk
Begin: Loading essential drivers ... [    9.621674] raid6: sse2x1   gen() 12930 MB/s
[    9.724036] raid6: sse2x1   xor()  8887 MB/s
[    9.837847] raid6: sse2x2   gen() 15963 MB/s
[    9.920332] raid6: sse2x2   xor()  9771 MB/s
[   10.061032] raid6: sse2x4   gen() 18039 MB/s
[   10.144700] raid6: sse2x4   xor() 10602 MB/s
[   10.268027] raid6: avx2x1   gen() 24826 MB/s
[   10.377661] raid6: avx2x1   xor() 17732 MB/s
[   10.471291] raid6: avx2x2   gen() 28507 MB/s
[   10.520091] raid6: avx2x2   xor()  9611 MB/s
[   10.568231] raid6: avx2x4   gen() 26225 MB/s
[   10.704328] raid6: avx2x4   xor() 20660 MB/s
[   10.705745] raid6: using algorithm avx2x2 gen() 28507 MB/s
[   10.749438] raid6: .... xor() 9611 MB/s, rmw enabled
[   10.798104] raid6: using avx2x2 recovery algorithm
[   10.909255] xor: automatically using best checksumming function   avx       
[   10.959388] async_tx: api initialized (async)
done.
Begin: Running /scripts/init-premount ... done.
Begin: Mounting root file system ... Begin: Running /scripts/local-top ... done.
Begin: Running /scripts/local-premount ... [   11.006337] Btrfs loaded, crc32c=crc32c-intel
Scanning for Btrfs filesystems
done.
Warning: fsck no[   11.094704] EXT4-fs (sda1): INFO: recovery required on readonly filesystem
t present, so skipping root file[   11.159686] EXT4-fs (sda1): write access will be enabled during recovery
 system
[   11.283535] EXT4-fs (sda1): orphan cleanup on readonly fs
[   11.303265] EXT4-fs (sda1): 1 orphan inode deleted
[   11.382028] EXT4-fs (sda1): recovery complete
[   11.462771] EXT4-fs (sda1): mounted filesystem with ordered data mode. Opts: (null)
done.
Begin: Running /scripts/local-bottom ... done.
Begin: Running /scripts/init-bottom ... done.
[   11.752948] ip_tables: (C) 2000-2006 Netfilter Core Team
[   11.767094] systemd[1]: systemd 237 running in system mode. (+PAM +AUDIT +SELINUX +IMA +APPARMOR +SMACK +SYSVINIT +UTMP +LIBCRYPTSETUP +GCRYPT +GNUTLS +ACL +XZ +LZ4 +SECCOMP +BLKID +ELFUTILS +KMOD -IDN2 +IDN -PCRE2 default-hierarchy=hybrid)
[   11.797518] systemd[1]: Detected virtualization oracle.
[   11.819127] systemd[1]: Detected architecture x86-64.

Welcome to [1mUbuntu 18.04.1 LTS[0m!

[   11.858643] systemd[1]: Set hostname to <ubuntu-bionic>.
[   12.182946] systemd[1]: Started Forward Password Requests to Wall Directory Watch.
[[0;32m  OK  [0m] Started Forward Password Requests to Wall Directory Watch.
[   12.204722] systemd[1]: Reached target User and Group Name Lookups.
[[0;32m  OK  [0m] Reached target User and Group Name Lookups.
[   12.287196] systemd[1]: Created slice User and Session Slice.
[[0;32m  OK  [0m] Created slice User and Session Slice.
[   12.444045] systemd[1]: Created slice System Slice.
[[0;32m  OK  [0m] Created slice System Slice.
[   12.447571] systemd[1]: Listening on Syslog Socket.
[[0;32m  OK  [0m] Listening on Syslog Socket.
[   12.525281] systemd[1]: Listening on /dev/initctl Compatibility Named Pipe.
[[0;32m  OK  [0m] Listening on /dev/initctl Compatibility Named Pipe.
[[0;32m  OK  [0m] Reached target Slices.
[[0;32m  OK  [0m] Listening on Device-mapper event daemon FIFOs.
[[0;32m  OK  [0m] Listening on Journal Audit Socket.
[[0;32m  OK  [0m] Reached target Swap.
[[0;32m  OK  [0m] Listening on Journal Socket.
         Starting Create list of required stâ€¦ce nodes for the current kernel...
         Starting Load Kernel Modules...
         Starting Set the console keyboard layout...
         Mounting Huge Pa[   12.714984] Loading iSCSI transport class v2.0-870.
ges File System...
         Starting Uncomplicated firewall...
         Mounting POSIX Message Queue File System...
         Starting Remount Root and Kernel File Systems...
[[0;32m  OK  [0m] Listening on udev Control Socket.
[[0;32m  OK  [0[   12.753584] iscsi: registered transport (tcp)
m] Listening on Network Service Netlink Socket.
[[0;32m  OK  [0m] Listening on LVM2 metadata daemon socket.
         Starting Monitoring of LVM2 mirrorsâ€¦ng dmeventd or progress polling...
         Mounting Kernel Debug File System...
[[0;32m  OK  [0[   12.779992] iscsi: registered transport (iser)
m] Set up automount Arbitrary Executabâ€¦rmats File System Automount Point.
[[0;32m  OK  [0m] Reached target System Time Synchronized.
[[0;32m  OK  [0m] Listening on LVM2 poll daemon socket.
[[0;32m  OK  [0m] Listening on udev Kernel Socket.
         Starting udev Coldplug all Devices...
[[0;32m  OK  [0m] Listening on Journal Socket (/dev/log).
         Starting Journal Service...
[[0;32m  OK  [0m] Created slice system-serial\x2dgetty.slice.
[[0;32m  OK  [0m] Started Creat[   12.921933] EXT4-fs (sda1): re-mounted. Opts: (null)
e list of required staâ€¦vice nodes for the current kernel.
[[0;32m  OK  [0m] Started Load Kernel Modules.
[[0;32m  OK  [0m] Mounted Huge Pages File System.
[[0;32m  OK  [0m] Started Journal Service.
[[0;32m  OK  [0m] Started Uncomplicated firewall.
[[0;32m  OK  [0m] Mounted POSIX Message Queue File System.
[[0;32m  OK  [0m] Started Remount Root and Kernel File Systems.
[[0;32m  OK  [0m] Mounted Kernel Debug File System.
[[0;32m  OK  [0m] Started LVM2 metadata daemon.
         Starting Initial cloud-init job (pre-networking)...
         Starting Load/Save Random Seed...
         Starting Flush Journal to Persistent Storage...
         Mounting FUSE Control File System...
         Starting Apply Kernel Variables...
         Mounting Kernel [   13.173399] random: crng init done
Configuration File System...
[   13.189200] random: 7 urandom warning(s) missed due to ratelimiting
         Starting Create Static Device Nodes in /dev...
[[0;32m  OK  [0m] Started Set the console keyboard layout.
[[0;32m  OK  [0m] Started Monitoring of LVM2 mirrors,â€¦sing dmeventd or progress polling.
[[0;32m  OK  [0m] Started udev Coldplug all Devices.
[[0;32m  OK  [0m] Started Load/Save Random Seed.
[[0;32m  OK  [0m] Mounted FUSE Control File System.
[[0;32m  OK  [0m] Mounted Kernel Configuration File System.
[[0;32m  OK  [0m] Started Create Static Device Nodes in /dev.
[[0;32m  OK  [0m] Started Apply Kernel Variables.
         Starting udev Kernel Device Manager...
[[0;32m  OK  [0m] Reached target Local File Systems (Pre).
[[0;32m  OK  [0m] Reached target Local File Systems.
         Starting Set console font and keymap...
         Starting ebtables ruleset management...
         Starting Tell Plymouth To Write Out Runtime Data...
         Starting AppArmor initialization...
[[0;32m  OK  [0m] Started udev Kernel Device Manager.
[[0;32m  OK  [0m] Started Dispatch Password Requests to Console Directory Watch.
[[0;32m  OK  [0m] Reached target Local Encrypted Volumes.
[[0;32m  OK  [0m] Started Set console font and keymap.
[[0;32m  OK  [0m] Started Tell Plymouth To Write Out Runtime Data.
[[0;32m  OK  [0m] Found device /dev/ttyS0.
[[0;32m  OK  [0m] Started ebtables ruleset management.
[[0;32m  OK  [0m] Listening on Load/Save RF Kill Switch Status /dev/rfkill Watch.
[[0;32m  OK  [0m] Started Flush Journal to Persistent Storage.
         Starting Create Volatile Files and Directories...
[[0;32m  OK  [0m] Started Create Volatile Files and Directories.
         Starting Update UTMP about System Boot/Shutdown...
[[0;32m  OK  [0m] Started Update UTMP about System Boot/Shutdown.
[[0;32m  OK  [0m] Started AppArmor initialization.
[   14.729487] cloud-init[414]: Cloud-init v. 18.4-0ubuntu1~18.04.1 running 'init-local' at Mon, 13 May 2019 07:47:24 +0000. Up 14.55 seconds.
[[0;32m  OK  [0m] Started Initial cloud-init job (pre-networking).
[[0;32m  OK  [0m] Reached target Network (Pre).
         Starting Network Service...
[[0;32m  OK  [0m] Started Network Service.
         Starting Wait for Network to be Configured...
         Starting Network Name Resolution...
[[0;32m  OK  [0m] Started Network Name Resolution.
[[0;32m  OK  [0m] Reached target Host and Network Name Lookups.
[[0;32m  OK  [0m] Reached target Network.
[[0;32m  OK  [0m] Started Wait for Network to be Configured.
         Starting Initial cloud-init job (metadata service crawler)...
[   16.904228] cloud-init[664]: Cloud-init v. 18.4-0ubuntu1~18.04.1 running 'init' at Mon, 13 May 2019 07:47:26 +0000. Up 16.79 seconds.
[   16.940427] cloud-init[664]: ci-info: ++++++++++++++++++++++++++++++++++++++Net device info+++++++++++++++++++++++++++++++++++++++
[   16.945180] cloud-init[664]: ci-info: +--------+------+-----------------------------+---------------+--------+-------------------+
[   16.955974] cloud-init[664]: ci-info: | Device |  Up  |           Address           |      Mask     | Scope  |     Hw-Address    |
[   16.976202] cloud-init[664]: ci-info: +--------+------+-----------------------------+---------------+--------+-------------------+
[   17.000665] cloud-init[664]: ci-info: | enp0s3 | True |          10.0.2.15          | 255.255.255.0 | global | 02:40:60:a0:34:b1 |
[   17.003201] cloud-init[664]: ci-info: | enp0s3 | True |  fe80::40:60ff:fea0:34b1/64 |       .       |  link  | 02:40:60:a0:34:b1 |
[   17.005782] cloud-init[664]: ci-info: | enp0s8 | True |        192.168.33.10        | 255.255.255.0 | global | 08:00:27:fd:c9:53 |
[   17.008963] cloud-init[664]: ci-info: | enp0s8 | True | fe80::a00:27ff:fefd:c953/64 |       .       |  link  | 08:00:27:fd:c9:53 |
[   17.011879] cloud-init[664]: ci-info: |   lo   | True |          127.0.0.1          |   255.0.0.0   |  host  |         .         |
[   17.014824] cloud-init[664]: ci-info: |   lo   | True |           ::1/128           |       .       |  host  |         .         |
[   17.022872] cloud-init[664]: ci-info: +--------+------+-----------------------------+---------------+--------+-------------------+
[   17.026304] cloud-init[664]: ci-info: +++++++++++++++++++++++++++++Route IPv4 info+++++++++++++++++++++++++++++
[   17.029313] cloud-init[664]: ci-info: +-------+--------------+----------+-----------------+-----------+-------+
[   17.032210] cloud-init[664]: ci-info: | Route | Destination  | Gateway  |     Genmask     | Interface | Flags |
[   17.034922] cloud-init[664]: ci-info: +-------+--------------+----------+-----------------+-----------+-------+
[   17.042208] cloud-init[664]: ci-info: |   0   |   0.0.0.0    | 10.0.2.2 |     0.0.0.0     |   enp0s3  |   UG  |
[   17.045085] cloud-init[664]: ci-info: |   1   |   10.0.2.0   | 0.0.0.0  |  255.255.255.0  |   enp0s3  |   U   |
[   17.047922] cloud-init[664]: ci-info: |   2   |   10.0.2.2   | 0.0.0.0  | 255.255.255.255 |   enp0s3  |   UH  |
[   17.050722] cloud-init[664]: ci-info: |   3   | 192.168.33.0 | 0.0.0.0  |  255.255.255.0  |   enp0s8  |   U   |
[   17.053203] cloud-init[664]: ci-info: +-------+--------------+----------+-----------------+-----------+-------+
[   17.055839] cloud-init[664]: ci-info: +++++++++++++++++++Route IPv6 info+++++++++++++++++++
[   17.073295] cloud-init[664]: ci-info: +-------+-------------+---------+-----------+-------+
[   17.075831] cloud-init[664]: ci-info: | Route | Destination | Gateway | Interface | Flags |
[   17.078321] cloud-init[664]: ci-info: +-------+-------------+---------+-----------+-------+
[   17.080762] cloud-init[664]: ci-info: |   1   |  fe80::/64  |    ::   |   enp0s8  |   U   |
[   17.083127] cloud-init[664]: ci-info: |   2   |  fe80::/64  |    ::   |   enp0s3  |   U   |
[   17.085307] cloud-init[664]: ci-info: |   4   |    local    |    ::   |   enp0s3  |   U   |
[   17.087746] cloud-init[664]: ci-info: |   5   |    local    |    ::   |   enp0s8  |   U   |
[   17.090284] cloud-init[664]: ci-info: |   6   |   ff00::/8  |    ::   |   enp0s8  |   U   |
[   17.092534] cloud-init[664]: ci-info: |   7   |   ff00::/8  |    ::   |   enp0s3  |   U   |
[   17.095011] cloud-init[664]: ci-info: +-------+-------------+---------+-----------+-------+
[[0;32m  OK  [0m] Started Initial cloud-init job (metadata service crawler).
[[0;32m  OK  [0m] Reached target Network is Online.
[[0;32m  OK  [0m] Reached target Remote File Systems (Pre).
[[0;32m  OK  [0m] Reached target Remote File Systems.
         Starting Availability of block devices...
[[0;32m  OK  [0m] Reached target System Initialization.
[[0;32m  OK  [0m] Listening on UUID daemon activation socket.
[[0;32m  OK  [0m] Listening on ACPID Listen Socket.
[[0;32m  OK  [0m] Listening on Open-iSCSI iscsid Socket.
         Starting Socket activation for snappy daemon.
[[0;32m  OK  [0m] Started Daily Cleanup of Temporary Directories.
[[0;32m  OK  [0m] Started Discard unused blocks once a week.
[[0;32m  OK  [0m] Started Message of the Day.
         Starting LXD - unix socket.
[[0;32m  OK  [0m] Started Daily apt download activities.
[[0;32m  OK  [0m] Started Daily apt upgrade and clean activities.
[[0;32m  OK  [0m] Reached target Timers.
[[0;32m  OK  [0m] Started ACPI Events Check.
[[0;32m  OK  [0m] Reached target Paths.
[[0;32m  OK  [0m] Listening on D-Bus System Message Bus Socket.
[[0;32m  OK  [0m] Reached target Cloud-config availability.
[[0;32m  OK  [0m] Started Availability of block devices.
[[0;32m  OK  [0m] Listening on Socket activation for snappy daemon.
[[0;32m  OK  [0m] Listening on LXD - unix socket.
[[0;32m  OK  [0m] Reached target Sockets.
[[0;32m  OK  [0m] Reached target Basic System.
         Starting Permit User Sessions...
         Starting LSB: automatic crash report generation...
[[0;32m  OK  [0m] Started FUSE filesystem for LXC.
[[0;32m  OK  [0m] Started Deferred execution scheduler.
         Starting System Logging Service...
[[0;32m  OK  [0m] Started Regular background program processing daemon.
         Starting Dispatcher daemon for systemd-networkd...
         Starting LSB: Record successful boot for GRUB...
         Starting Accounts Service...
         Starting Login Service...
         Starting Virtualbox guest utils...
[[0;32m  OK  [0m] Started irqbalance daemon.
         Starting Snappy daemon...
         Starting OpenBSD Secure Shell server...
[[0;32m  OK  [0m] Started D-Bus System Message Bus.
[[0;32m  OK  [0m] Started Login Service.
[[0;32m  OK  [0m] Started Unattended Upgrades Shutdown.
         Starting LXD - container startup/shutdown...
[[0;32m  OK  [0m] Started System Logging Service.
[[0;32m  OK  [0m] Started Permit User Sessions.
         Starting Terminate Plymouth Boot Screen...
         Starting Hold until boot process finishes up...
[[0;32m  OK  [0m] Started OpenBSD Secure Shell server.
[[0;32m  OK  [0m] Started Hold until boot process finishes up.
         Starting Set console scheme...
[[0;32m  OK  [0m] Started Serial Getty on ttyS0.
[[0;32m  OK  [0m] Started Terminate Plymouth Boot Screen.
[[0;32m  OK  [0m] Started Dispatcher daemon for systemd-networkd.
[[0;32m  OK  [0m] Started Set console scheme.
[[0;32m  OK  [0m] Created slice system-getty.slice.
[[0;32m  OK  [0m] Started Getty on tty1.
[[0;32m  OK  [0m] Reached target Login Prompts.
         Starting Authorization Manager...
[[0;32m  OK  [0m] Started Snappy daemon.
         Starting Wait until snapd is fully seeded...
[[0;32m  OK  [0m] Started LSB: Record successful boot for GRUB.
[[0;32m  OK  [0m] Started LSB: automatic crash report generation.
[[0;32m  OK  [0m] Started Authorization Manager.
[[0;32m  OK  [0m] Started Accounts Service.
[[0;32m  OK  [0m] Started LXD - container startup/shutdown.
[[0;32m  OK  [0m] Started Wait until snapd is fully seeded.
         Starting Apply the settings specified in cloud-config...
[[0;32m  OK  [0m] Started Virtualbox guest utils.
[[0;32m  OK  [0m] Reached target Multi-User System.
[[0;32m  OK  [0m] Reached target Graphical Interface.
         Starting Update UTMP about System Runlevel Changes...
[[0;32m  OK  [0m] Started Update UTMP about System Runlevel Changes.
[   19.343085] cloud-init[1082]: Cloud-init v. 18.4-0ubuntu1~18.04.1 running 'modules:config' at Mon, 13 May 2019 07:47:28 +0000. Up 19.25 seconds.
[[0;32m  OK  [0m] Started Apply the settings specified in cloud-config.
         Starting Execute cloud user/final scripts...
[   19.856887] cloud-init[1159]: Cloud-init v. 18.4-0ubuntu1~18.04.1 running 'modules:final' at Mon, 13 May 2019 07:47:29 +0000. Up 19.74 seconds.
[[   19.936994] cloud-init[1159]: Cloud-init v. 18.4-0ubuntu1~18.04.1 finished at Mon, 13 May 2019 07:47:29 +0000. Datasource DataSourceNoCloud [seed=/dev/sdb][dsmode=net].  Up 19.85 seconds
[0;32m  OK  [0m] Started Execute cloud user/final scripts.
[[0;32m  OK  [0m] Reached target Cloud-init target.

Ubuntu 18.04.1 LTS ubuntu-bionic ttyS0

ubuntu-bionic login: 